--- JUNOS 12.1X44-D35.5 built 2014-05-19 21:36:43 UTC
pyclass@srx1> 


pyclass@srx1> 

pyclass@srx1> 

pyclass@srx1> 

pyclass@srx1> 

pyclass@srx1> 

pyclass@srx1> 

pyclass@srx1> 

pyclass@srx1> 

pyclass@srx1> 

pyclass@srx1> 

pyclass@srx1> 

pyclass@srx1> 

pyclass@srx1> 

pyclass@srx1> 

pyclass@srx1> 

pyclass@srx1> 

pyclass@srx1> 

pyclass@srx1> 

pyclass@srx1> 

pyclass@srx1> 

pyclass@srx1> 

pyclass@srx1> 

pyclass@srx1> 

pyclass@srx1> 

pyclass@srx1> 

pyclass@srx1> 

pyclass@srx1> 

pyclass@srx1> 

pyclass@srx1> 

pyclass@srx1> 

pyclass@srx1> 

pyclass@srx1> 

pyclass@srx1> 

pyclass@srx1> 

pyclass@srx1> 

pyclass@srx1> 

pyclass@srx1> 

pyclass@srx1> 

pyclass@srx1> 

pyclass@srx1> 

pyclass@srx1> 

pyclass@srx1> 

pyclass@srx1> 

pyclass@srx1> 

pyclass@srx1> 

pyclass@srx1> 

pyclass@srx1> 

pyclass@srx1> 

pyclass@srx1> 

pyclass@srx1> 

pyclass@srx1> set cli complete-on-space off 
Disabling complete-on-space

pyclass@srx1> set cli screen-length 0 
Screen length set to 0

pyclass@srx1> set cli screen-width 511 
Screen width set to 511

pyclass@srx1> 